SKIP ph_b.mp3
OK ph_d.mp3
OK ph_c.mp3
OK ph_g.mp3
OK ph_f.mp3
SKIP ph_m.mp3
OK ph_h.mp3
OK ph_j.mp3
OK ph_l.mp3
OK ph_p.mp3
OK ph_n.mp3
OK ph_r.mp3
SKIP vow_a_src.mp3
OK ph_s.mp3
OK ph_t.mp3
OK vow_i_src.mp3
OK vow_e_src.mp3
SKIP w_cat.mp3
OK vow_o_src.mp3
OK vow_u_src.mp3
OK w_hat.mp3
OK w_mat.mp3
OK w_sat.mp3
OK w_bat.mp3
OK w_rat.mp3
OK w_man.mp3
OK w_fan.mp3
OK w_can.mp3
OK w_pan.mp3
OK w_map.mp3
OK w_cap.mp3
OK w_tap.mp3
OK w_nap.mp3
OK w_pin.mp3
OK w_fin.mp3
OK w_win.mp3
OK w_sit.mp3
OK w_hit.mp3
OK w_pig.mp3
OK w_big.mp3
OK w_dog.mp3
OK w_log.mp3
OK w_fog.mp3
OK w_hop.mp3
OK w_top.mp3
OK w_mop.mp3
OK w_sun.mp3
OK w_run.mp3
OK w_fun.mp3
OK w_pet.mp3
OK w_net.mp3
OK w_jet.mp3
OK w_a.mp3
OK w_the.mp3
OK w_is.mp3
OK w_in.mp3
OK w_it.mp3
OK w_and.mp3
OK w_see.mp3
OK w_me.mp3
OK w_my.mp3
OK w_we.mp3
OK w_on.mp3
OK w_logan.mp3
OK w_has.mp3
OK w_sam.mp3
OK w_red.mp3
OK w_pat.mp3
OK w_digs.mp3
OK w_sand.mp3
OK w_three.mp3
OK ui_yes.mp3
OK ui_great.mp3
OK ui_didit.mp3
OK ui_awesome.mp3
OK ui_superstar.mp3
OK ui_tryagain.mp3
OK ui_hi.mp3
OK ui_locked.mp3
OK sen_0.mp3
OK sen_1.mp3
OK sen_2.mp3
OK sen_3.mp3
OK sen_4.mp3
OK sen_5.mp3
OK sen_6.mp3
OK sen_7.mp3
OK p_sam-cat_0.mp3
OK p_sam-cat_1.mp3
OK p_sam-cat_2.mp3
OK p_sam-cat_3.mp3
OK p_sea-fun_0.mp3
OK p_sea-fun_1.mp3
OK p_sea-fun_2.mp3
OK p_sea-fun_3.mp3
OK q_sam-cat.mp3
OK q_sea-fun.mp3
FAIL ph_w.mp3
FAIL w_fit.mp3
FAIL w_dig.mp3
